python : C:\Users\Deng Junxian\AppData\Local\Programs\Python\Python314\Lib\site-packages\mesa\model.py:137: RuntimeWarn
ing: coroutine 'CivitasModel.step' was never awaited
所在位置 行:1 字符: 1
+ python "tests/test_async_model.py" > test_output.txt 2>&1
+ ~~~~~~~~~~~~~~~~~~~~~~~~~~~~~~~~~~~~~~~~~~~~~~~~~~~~~~~~~
    + CategoryInfo          : NotSpecified: (C:\Users\Deng J...s never awaited:String) [], RemoteException
    + FullyQualifiedErrorId : NativeCommandError
 
  self._user_step(*args, **kwargs)
RuntimeWarning: Enable tracemalloc to get the object allocation traceback
[Test] Initializing CivitasModel...
[*] High-Performance C++ OrderBook Activated
[*] 正在加载 365 天的 sh000001 历史数据...
[OK] 成功加载 365 个交易日数据
[MatchingEngine] Using high-performance C++ OrderBook
[Debug] model.step type: <class 'method'>
[Debug] is coroutine function: False
[Debug] is async gen: False
[Test] Running 5 async steps...
[Fail] Exception occurred: 'NoneType' object can't be awaited
Traceback (most recent call last):
  File "C:\Users\Deng Junxian\Desktop\Civitas_new\tests\test_async_model.py", line 36, in <module>
    asyncio.run(test_async_model())
    ~~~~~~~~~~~^^^^^^^^^^^^^^^^^^^^
  File "C:\Users\Deng Junxian\AppData\Local\Programs\Python\Python314\Lib\asyncio\runners.py", line 204, in run
    return runner.run(main)
           ~~~~~~~~~~^^^^^^
  File "C:\Users\Deng Junxian\AppData\Local\Programs\Python\Python314\Lib\asyncio\runners.py", line 127, in run
    return self._loop.run_until_complete(task)
           ~~~~~~~~~~~~~~~~~~~~~~~~~~~~~^^^^^^
  File "C:\Users\Deng Junxian\AppData\Local\Programs\Python\Python314\Lib\asyncio\base_events.py", line 719, in run_unt
il_complete
    return future.result()
           ~~~~~~~~~~~~~^^
  File "C:\Users\Deng Junxian\Desktop\Civitas_new\tests\test_async_model.py", line 22, in test_async_model
    await model.step()
TypeError: 'NoneType' object can't be awaited
